Archive member included to satisfy reference by file (symbol)

C:/ST/STM32CubeIDE_1.17.0/STM32CubeIDE/plugins/com.st.stm32cube.ide.mcu.externaltools.gnu-tools-for-stm32.12.3.rel1.win32_1.1.0.202410251130/tools/bin/../lib/gcc/arm-none-eabi/12.3.1/../../../../arm-none-eabi/lib/thumb/v7e-m+fp/hard\libc_nano.a(libc_a-exit.o)
                              C:/ST/STM32CubeIDE_1.17.0/STM32CubeIDE/plugins/com.st.stm32cube.ide.mcu.externaltools.gnu-tools-for-stm32.12.3.rel1.win32_1.1.0.202410251130/tools/bin/../lib/gcc/arm-none-eabi/12.3.1/../../../../arm-none-eabi/lib/thumb/v7e-m+fp/hard/crt0.o (exit)
C:/ST/STM32CubeIDE_1.17.0/STM32CubeIDE/plugins/com.st.stm32cube.ide.mcu.externaltools.gnu-tools-for-stm32.12.3.rel1.win32_1.1.0.202410251130/tools/bin/../lib/gcc/arm-none-eabi/12.3.1/../../../../arm-none-eabi/lib/thumb/v7e-m+fp/hard\libc_nano.a(libc_a-findfp.o)
                              C:/ST/STM32CubeIDE_1.17.0/STM32CubeIDE/plugins/com.st.stm32cube.ide.mcu.externaltools.gnu-tools-for-stm32.12.3.rel1.win32_1.1.0.202410251130/tools/bin/../lib/gcc/arm-none-eabi/12.3.1/../../../../arm-none-eabi/lib/thumb/v7e-m+fp/hard\libc_nano.a(libc_a-exit.o) (__stdio_exit_handler)
C:/ST/STM32CubeIDE_1.17.0/STM32CubeIDE/plugins/com.st.stm32cube.ide.mcu.externaltools.gnu-tools-for-stm32.12.3.rel1.win32_1.1.0.202410251130/tools/bin/../lib/gcc/arm-none-eabi/12.3.1/../../../../arm-none-eabi/lib/thumb/v7e-m+fp/hard\libc_nano.a(libc_a-fwalk.o)
                              C:/ST/STM32CubeIDE_1.17.0/STM32CubeIDE/plugins/com.st.stm32cube.ide.mcu.externaltools.gnu-tools-for-stm32.12.3.rel1.win32_1.1.0.202410251130/tools/bin/../lib/gcc/arm-none-eabi/12.3.1/../../../../arm-none-eabi/lib/thumb/v7e-m+fp/hard\libc_nano.a(libc_a-findfp.o) (_fwalk_sglue)
C:/ST/STM32CubeIDE_1.17.0/STM32CubeIDE/plugins/com.st.stm32cube.ide.mcu.externaltools.gnu-tools-for-stm32.12.3.rel1.win32_1.1.0.202410251130/tools/bin/../lib/gcc/arm-none-eabi/12.3.1/../../../../arm-none-eabi/lib/thumb/v7e-m+fp/hard\libc_nano.a(libc_a-stdio.o)
                              C:/ST/STM32CubeIDE_1.17.0/STM32CubeIDE/plugins/com.st.stm32cube.ide.mcu.externaltools.gnu-tools-for-stm32.12.3.rel1.win32_1.1.0.202410251130/tools/bin/../lib/gcc/arm-none-eabi/12.3.1/../../../../arm-none-eabi/lib/thumb/v7e-m+fp/hard\libc_nano.a(libc_a-findfp.o) (__sread)
C:/ST/STM32CubeIDE_1.17.0/STM32CubeIDE/plugins/com.st.stm32cube.ide.mcu.externaltools.gnu-tools-for-stm32.12.3.rel1.win32_1.1.0.202410251130/tools/bin/../lib/gcc/arm-none-eabi/12.3.1/../../../../arm-none-eabi/lib/thumb/v7e-m+fp/hard\libc_nano.a(libc_a-memset.o)
                              C:/ST/STM32CubeIDE_1.17.0/STM32CubeIDE/plugins/com.st.stm32cube.ide.mcu.externaltools.gnu-tools-for-stm32.12.3.rel1.win32_1.1.0.202410251130/tools/bin/../lib/gcc/arm-none-eabi/12.3.1/../../../../arm-none-eabi/lib/thumb/v7e-m+fp/hard/crt0.o (memset)
C:/ST/STM32CubeIDE_1.17.0/STM32CubeIDE/plugins/com.st.stm32cube.ide.mcu.externaltools.gnu-tools-for-stm32.12.3.rel1.win32_1.1.0.202410251130/tools/bin/../lib/gcc/arm-none-eabi/12.3.1/../../../../arm-none-eabi/lib/thumb/v7e-m+fp/hard\libc_nano.a(libc_a-closer.o)
                              C:/ST/STM32CubeIDE_1.17.0/STM32CubeIDE/plugins/com.st.stm32cube.ide.mcu.externaltools.gnu-tools-for-stm32.12.3.rel1.win32_1.1.0.202410251130/tools/bin/../lib/gcc/arm-none-eabi/12.3.1/../../../../arm-none-eabi/lib/thumb/v7e-m+fp/hard\libc_nano.a(libc_a-stdio.o) (_close_r)
C:/ST/STM32CubeIDE_1.17.0/STM32CubeIDE/plugins/com.st.stm32cube.ide.mcu.externaltools.gnu-tools-for-stm32.12.3.rel1.win32_1.1.0.202410251130/tools/bin/../lib/gcc/arm-none-eabi/12.3.1/../../../../arm-none-eabi/lib/thumb/v7e-m+fp/hard\libc_nano.a(libc_a-reent.o)
                              C:/ST/STM32CubeIDE_1.17.0/STM32CubeIDE/plugins/com.st.stm32cube.ide.mcu.externaltools.gnu-tools-for-stm32.12.3.rel1.win32_1.1.0.202410251130/tools/bin/../lib/gcc/arm-none-eabi/12.3.1/../../../../arm-none-eabi/lib/thumb/v7e-m+fp/hard\libc_nano.a(libc_a-closer.o) (errno)
C:/ST/STM32CubeIDE_1.17.0/STM32CubeIDE/plugins/com.st.stm32cube.ide.mcu.externaltools.gnu-tools-for-stm32.12.3.rel1.win32_1.1.0.202410251130/tools/bin/../lib/gcc/arm-none-eabi/12.3.1/../../../../arm-none-eabi/lib/thumb/v7e-m+fp/hard\libc_nano.a(libc_a-impure.o)
                              C:/ST/STM32CubeIDE_1.17.0/STM32CubeIDE/plugins/com.st.stm32cube.ide.mcu.externaltools.gnu-tools-for-stm32.12.3.rel1.win32_1.1.0.202410251130/tools/bin/../lib/gcc/arm-none-eabi/12.3.1/../../../../arm-none-eabi/lib/thumb/v7e-m+fp/hard\libc_nano.a(libc_a-reent.o) (_impure_ptr)
C:/ST/STM32CubeIDE_1.17.0/STM32CubeIDE/plugins/com.st.stm32cube.ide.mcu.externaltools.gnu-tools-for-stm32.12.3.rel1.win32_1.1.0.202410251130/tools/bin/../lib/gcc/arm-none-eabi/12.3.1/../../../../arm-none-eabi/lib/thumb/v7e-m+fp/hard\libc_nano.a(libc_a-lseekr.o)
[...]
Memory Configuration

Name             Origin             Length             Attributes
CCMRAM           0x10000000         0x00010000         xrw
RAM              0x20000000         0x00020000         xrw
FLASH            0x08000000         0x00100000         xr
*default*        0x00000000         0xffffffff

Linker script and memory map

LOAD C:/ST/STM32CubeIDE_1.17.0/STM32CubeIDE/plugins/com.st.stm32cube.ide.mcu.externaltools.gnu-tools-for-stm32.12.3.rel1.win32_1.1.0.202410251130/tools/bin/../lib/gcc/arm-none-eabi/12.3.1/thumb/v7e-m+fp/hard/crti.o
LOAD C:/ST/STM32CubeIDE_1.17.0/STM32CubeIDE/plugins/com.st.stm32cube.ide.mcu.externaltools.gnu-tools-for-stm32.12.3.rel1.win32_1.1.0.202410251130/tools/bin/../lib/gcc/arm-none-eabi/12.3.1/thumb/v7e-m+fp/hard/crtbegin.o
LOAD C:/ST/STM32CubeIDE_1.17.0/STM32CubeIDE/plugins/com.st.stm32cube.ide.mcu.externaltools.gnu-tools-for-stm32.12.3.rel1.win32_1.1.0.202410251130/tools/bin/../lib/gcc/arm-none-eabi/12.3.1/../../../../arm-none-eabi/lib/thumb/v7e-m+fp/hard/crt0.o
LOAD ./Core/Src/main.o
LOAD ./Core/Src/stm32f4xx_hal_msp.o
LOAD ./Core/Src/stm32f4xx_hal_timebase_tim.o
LOAD ./Core/Src/stm32f4xx_it.o
LOAD ./Core/Src/syscalls.o
LOAD ./Core/Src/sysmem.o
LOAD ./Core/Src/system_stm32f4xx.o
LOAD ./Core/Startup/startup_stm32f407vgtx.o
LOAD ./Drivers/STM32F4xx_HAL_Driver/Src/stm32f4xx_hal.o
LOAD ./Drivers/STM32F4xx_HAL_Driver/Src/stm32f4xx_hal_cortex.o
LOAD ./Drivers/STM32F4xx_HAL_Driver/Src/stm32f4xx_hal_dma.o
LOAD ./Drivers/STM32F4xx_HAL_Driver/Src/stm32f4xx_hal_dma_ex.o
LOAD ./Drivers/STM32F4xx_HAL_Driver/Src/stm32f4xx_hal_exti.o
LOAD ./Drivers/STM32F4xx_HAL_Driver/Src/stm32f4xx_hal_flash.o
LOAD ./Drivers/STM32F4xx_HAL_Driver/Src/stm32f4xx_hal_flash_ex.o
LOAD ./Drivers/STM32F4xx_HAL_Driver/Src/stm32f4xx_hal_flash_ramfunc.o
LOAD ./Drivers/STM32F4xx_HAL_Driver/Src/stm32f4xx_hal_gpio.o
LOAD ./Drivers/STM32F4xx_HAL_Driver/Src/stm32f4xx_hal_pwr.o
LOAD ./Drivers/STM32F4xx_HAL_Driver/Src/stm32f4xx_hal_pwr_ex.o
LOAD ./Drivers/STM32F4xx_HAL_Driver/Src/stm32f4xx_hal_rcc.o
LOAD ./Drivers/STM32F4xx_HAL_Driver/Src/stm32f4xx_hal_rcc_ex.o
LOAD ./Drivers/STM32F4xx_HAL_Driver/Src/stm32f4xx_hal_spi.o
LOAD ./Drivers/STM32F4xx_HAL_Driver/Src/stm32f4xx_hal_tim.o
LOAD ./Drivers/STM32F4xx_HAL_Driver/Src/stm32f4xx_hal_tim_ex.o
LOAD ./FreeRTOS/croutine.o
LOAD ./FreeRTOS/event_groups.o
LOAD ./FreeRTOS/list.o
LOAD ./FreeRTOS/queue.o
LOAD ./FreeRTOS/stream_buffer.o
LOAD ./FreeRTOS/tasks.o
LOAD ./FreeRTOS/timers.o
LOAD ./FreeRTOS/portable/ARM_CM4F/port.o
LOAD ./FreeRTOS/portable/MemMang/heap_4.o
START GROUP
LOAD C:/ST/STM32CubeIDE_1.17.0/STM32CubeIDE/plugins/com.st.stm32cube.ide.mcu.externaltools.gnu-tools-for-stm32.12.3.rel1.win32_1.1.0.202410251130/tools/bin/../lib/gcc/arm-none-eabi/12.3.1/../../../../arm-none-eabi/lib/thumb/v7e-m+fp/hard\libc_nano.a
LOAD C:/ST/STM32CubeIDE_1.17.0/STM32CubeIDE/plugins/com.st.stm32cube.ide.mcu.externaltools.gnu-tools-for-stm32.12.3.rel1.win32_1.1.0.202410251130/tools/bin/../lib/gcc/arm-none-eabi/12.3.1/../../../../arm-none-eabi/lib/thumb/v7e-m+fp/hard\libm.a
END GROUP
START GROUP
LOAD C:/ST/STM32CubeIDE_1.17.0/STM32CubeIDE/plugins/com.st.stm32cube.ide.mcu.externaltools.gnu-tools-for-stm32.12.3.rel1.win32_1.1.0.202410251130/tools/bin/../lib/gcc/arm-none-eabi/12.3.1/thumb/v7e-m+fp/hard\libgcc.a
LOAD C:/ST/STM32CubeIDE_1.17.0/STM32CubeIDE/plugins/com.st.stm32cube.ide.mcu.externaltools.gnu-tools-for-stm32.12.3.rel1.win32_1.1.0.202410251130/tools/bin/../lib/gcc/arm-none-eabi/12.3.1/../../../../arm-none-eabi/lib/thumb/v7e-m+fp/hard\libc_nano.a
END GROUP
START GROUP
LOAD C:/ST/STM32CubeIDE_1.17.0/STM32CubeIDE/plugins/com.st.stm32cube.ide.mcu.externaltools.gnu-tools-for-stm32.12.3.rel1.win32_1.1.0.202410251130/tools/bin/../lib/gcc/arm-none-eabi/12.3.1/thumb/v7e-m+fp/hard\libgcc.a
LOAD C:/ST/STM32CubeIDE_1.17.0/STM32CubeIDE/plugins/com.st.stm32cube.ide.mcu.externaltools.gnu-tools-for-stm32.12.3.rel1.win32_1.1.0.202410251130/tools/bin/../lib/gcc/arm-none-eabi/12.3.1/../../../../arm-none-eabi/lib/thumb/v7e-m+fp/hard\libc_nano.a
LOAD C:/ST/STM32CubeIDE_1.17.0/STM32CubeIDE/plugins/com.st.stm32cube.ide.mcu.externaltools.gnu-tools-for-stm32.12.3.rel1.win32_1.1.0.202410251130/tools/bin/../lib/gcc/arm-none-eabi/12.3.1/../../../../arm-none-eabi/lib/thumb/v7e-m+fp/hard\libnosys.a
END GROUP
START GROUP
LOAD C:/ST/STM32CubeIDE_1.17.0/STM32CubeIDE/plugins/com.st.stm32cube.ide.mcu.externaltools.gnu-tools-for-stm32.12.3.rel1.win32_1.1.0.202410251130/tools/bin/../lib/gcc/arm-none-eabi/12.3.1/thumb/v7e-m+fp/hard\libgcc.a
LOAD C:/ST/STM32CubeIDE_1.17.0/STM32CubeIDE/plugins/com.st.stm32cube.ide.mcu.externaltools.gnu-tools-for-stm32.12.3.rel1.win32_1.1.0.202410251130/tools/bin/../lib/gcc/arm-none-eabi/12.3.1/../../../../arm-none-eabi/lib/thumb/v7e-m+fp/hard\libc_nano.a
LOAD C:/ST/STM32CubeIDE_1.17.0/STM32CubeIDE/plugins/com.st.stm32cube.ide.mcu.externaltools.gnu-tools-for-stm32.12.3.rel1.win32_1.1.0.202410251130/tools/bin/../lib/gcc/arm-none-eabi/12.3.1/../../../../arm-none-eabi/lib/thumb/v7e-m+fp/hard\libnosys.a
END GROUP
LOAD C:/ST/STM32CubeIDE_1.17.0/STM32CubeIDE/plugins/com.st.stm32cube.ide.mcu.externaltools.gnu-tools-for-stm32.12.3.rel1.win32_1.1.0.202410251130/tools/bin/../lib/gcc/arm-none-eabi/12.3.1/thumb/v7e-m+fp/hard/crtend.o
LOAD C:/ST/STM32CubeIDE_1.17.0/STM32CubeIDE/plugins/com.st.stm32cube.ide.mcu.externaltools.gnu-tools-for-stm32.12.3.rel1.win32_1.1.0.202410251130/tools/bin/../lib/gcc/arm-none-eabi/12.3.1/thumb/v7e-m+fp/hard/crtn.o
                0x20020000                        _estack = (ORIGIN (RAM) + LENGTH (RAM))
                0x00000200                        _Min_Heap_Size = 0x200
                0x00000400                        _Min_Stack_Size = 0x400

.isr_vector     0x08000000      0x188
                0x08000000                        . = ALIGN (0x4)
 *(.isr_vector)
 .isr_vector    0x08000000      0x188 ./Core/Startup/startup_stm32f407vgtx.o
                0x08000000                g_pfnVectors
                0x08000188                        . = ALIGN (0x4)

.text           0x08000190     0x5378
                0x08000190                        . = ALIGN (0x4)
 *(.text)
 .text          0x08000190       0x40 C:/ST/STM32CubeIDE_1.17.0/STM32CubeIDE/plugins/com.st.stm32cube.ide.mcu.externaltools.gnu-tools-for-stm32.12.3.rel1.win32_1.1.0.202410251130/tools/bin/../lib/gcc/arm-none-eabi/12.3.1/thumb/v7e-m+fp/hard/crtbegin.o
 .text          0x080001d0       0x30 C:/ST/STM32CubeIDE_1.17.0/STM32CubeIDE/plugins/com.st.stm32cube.ide.mcu.externaltools.gnu-tools-for-stm32.12.3.rel1.win32_1.1.0.202410251130/tools/bin/../lib/gcc/arm-none-eabi/12.3.1/thumb/v7e-m+fp/hard\libgcc.a(_aeabi_uldivmod.o)
                0x080001d0                __aeabi_uldivmod
 .text          0x08000200      0x2bc C:/ST/STM32CubeIDE_1.17.0/STM32CubeIDE/plugins/com.st.stm32cube.ide.mcu.externaltools.gnu-tools-for-stm32.12.3.rel1.win32_1.1.0.202410251130/tools/bin/../lib/gcc/arm-none-eabi/12.3.1/thumb/v7e-m+fp/hard\libgcc.a(_udivmoddi4.o)
                0x08000200                __udivmoddi4
 .text          0x080004bc        0x4 C:/ST/STM32CubeIDE_1.17.0/STM32CubeIDE/plugins/com.st.stm32cube.ide.mcu.externaltools.gnu-tools-for-stm32.12.3.rel1.win32_1.1.0.202410251130/tools/bin/../lib/gcc/arm-none-eabi/12.3.1/thumb/v7e-m+fp/hard\libgcc.a(_dvmd_tls.o)
                0x080004bc                __aeabi_idiv0
                0x080004bc                __aeabi_ldiv0
 *(.text*)
 .text.MEMS_Write
                0x080004c0       0x4c ./Core/Src/main.o
                0x080004c0                MEMS_Write
 .text.Green_LED_Task
                0x0800050c       0x44 ./Core/Src/main.o
                0x0800050c                Green_LED_Task
 .text.vHandlerTask
                0x08000550       0xb8 ./Core/Src/main.o
                0x08000550                vHandlerTask
 .text.HAL_GPIO_EXTI_Callback
                0x08000608       0x54 ./Core/Src/main.o
                0x08000608                HAL_GPIO_EXTI_Callback
 .text.main     0x0800065c       0xdc ./Core/Src/main.o
                0x0800065c                main
 .text.SystemClock_Config
                0x08000738       0xd4 ./Core/Src/main.o
                0x08000738                SystemClock_Config
 .text.MX_SPI1_Init
                0x0800080c       0x6c ./Core/Src/main.o
 .text.MX_GPIO_Init
                0x08000878      0x2ac ./Core/Src/main.o
 .text.HAL_TIM_PeriodElapsedCallback
                0x08000b24       0x24 ./Core/Src/main.o
                0x08000b24                HAL_TIM_PeriodElapsedCallback
 .text.Error_Handler
                0x08000b48        0xc ./Core/Src/main.o
                0x08000b48                Error_Handler
 .text.HAL_MspInit
                0x08000b54       0x50 ./Core/Src/stm32f4xx_hal_msp.o
                0x08000b54                HAL_MspInit
 .text.HAL_SPI_MspInit
                0x08000ba4       0x90 ./Core/Src/stm32f4xx_hal_msp.o
                0x08000ba4                HAL_SPI_MspInit
 .text.HAL_InitTick
                0x08000c34       0xf8 ./Core/Src/stm32f4xx_hal_timebase_tim.o
                0x08000c34                HAL_InitTick
 .text.NMI_Handler
                0x08000d2c        0x8 ./Core/Src/stm32f4xx_it.o
                0x08000d2c                NMI_Handler
 .text.HardFault_Handler
                0x08000d34        0x8 ./Core/Src/stm32f4xx_it.o
                0x08000d34                HardFault_Handler
 .text.MemManage_Handler
                0x08000d3c        0x8 ./Core/Src/stm32f4xx_it.o
                0x08000d3c                MemManage_Handler
 .text.BusFault_Handler
                0x08000d44        0x8 ./Core/Src/stm32f4xx_it.o
                0x08000d44                BusFault_Handler
 .text.UsageFault_Handler
                0x08000d4c        0x8 ./Core/Src/stm32f4xx_it.o
                0x08000d4c                UsageFault_Handler
 .text.DebugMon_Handler
                0x08000d54        0xe ./Core/Src/stm32f4xx_it.o
                0x08000d54                DebugMon_Handler
 .text.EXTI0_IRQHandler
                0x08000d62        0xe ./Core/Src/stm32f4xx_it.o
                0x08000d62                EXTI0_IRQHandler
 .text.TIM7_IRQHandler
                0x08000d70       0x14 ./Core/Src/stm32f4xx_it.o
                0x08000d70                TIM7_IRQHandler
 .text.SystemInit
                0x08000d84       0x24 ./Core/Src/system_stm32f4xx.o
                0x08000d84                SystemInit
 .text.Reset_Handler
                0x08000da8       0x50 ./Core/Startup/startup_stm32f407vgtx.o
                0x08000da8                Reset_Handler
 .text.Default_Handler
                0x08000df8        0x2 ./Core/Startup/startup_stm32f407vgtx.o
                0x08000df8                RTC_Alarm_IRQHandler
                0x08000df8                HASH_RNG_IRQHandler
                0x08000df8                EXTI2_IRQHandler
                0x08000df8                TIM8_CC_IRQHandler
                0x08000df8                TIM1_CC_IRQHandler
                0x08000df8                DMA2_Stream5_IRQHandler
                0x08000df8                DMA1_Stream5_IRQHandler
                0x08000df8                PVD_IRQHandler
                0x08000df8                SDIO_IRQHandler
                0x08000df8                TAMP_STAMP_IRQHandler
                0x08000df8                CAN2_RX1_IRQHandler
                0x08000df8                EXTI3_IRQHandler
                0x08000df8                TIM8_TRG_COM_TIM14_IRQHandler
                0x08000df8                TIM1_UP_TIM10_IRQHandler
                0x08000df8                TIM8_UP_TIM13_IRQHandler
                0x08000df8                I2C3_ER_IRQHandler
                0x08000df8                I2C2_EV_IRQHandler
                0x08000df8                DMA1_Stream2_IRQHandler
                0x08000df8                CAN1_RX0_IRQHandler
                0x08000df8                FPU_IRQHandler
                0x08000df8                OTG_HS_WKUP_IRQHandler
                0x08000df8                CAN2_SCE_IRQHandler
                0x08000df8                DMA2_Stream2_IRQHandler
                0x08000df8                SPI1_IRQHandler
                0x08000df8                TIM6_DAC_IRQHandler
                0x08000df8                TIM1_BRK_TIM9_IRQHandler
                0x08000df8                DCMI_IRQHandler
                0x08000df8                CAN2_RX0_IRQHandler
                0x08000df8                DMA2_Stream3_IRQHandler
                0x08000df8                USART6_IRQHandler
                0x08000df8                USART3_IRQHandler
                0x08000df8                CAN1_RX1_IRQHandler
                0x08000df8                UART5_IRQHandler
                0x08000df8                DMA2_Stream0_IRQHandler
                0x08000df8                TIM4_IRQHandler
                0x08000df8                I2C1_EV_IRQHandler
                0x08000df8                DMA1_Stream6_IRQHandler
                0x08000df8                DMA1_Stream1_IRQHandler
                0x08000df8                UART4_IRQHandler
                0x08000df8                TIM3_IRQHandler
                0x08000df8                RCC_IRQHandler
                0x08000df8                TIM8_BRK_TIM12_IRQHandler
                0x08000df8                Default_Handler
                0x08000df8                EXTI15_10_IRQHandler
                0x08000df8                ADC_IRQHandler
                0x08000df8                DMA1_Stream7_IRQHandler
                0x08000df8                CAN2_TX_IRQHandler
                0x08000df8                TIM5_IRQHandler
                0x08000df8                DMA2_Stream7_IRQHandler
                0x08000df8                I2C3_EV_IRQHandler
                0x08000df8                EXTI9_5_IRQHandler
                0x08000df8                RTC_WKUP_IRQHandler
                0x08000df8                ETH_WKUP_IRQHandler
                0x08000df8                SPI2_IRQHandler
                0x08000df8                OTG_HS_EP1_IN_IRQHandler
                0x08000df8                DMA1_Stream0_IRQHandler
                0x08000df8                CAN1_TX_IRQHandler
                0x08000df8                EXTI4_IRQHandler
                0x08000df8                FSMC_IRQHandler
                0x08000df8                ETH_IRQHandler
                0x08000df8                OTG_HS_EP1_OUT_IRQHandler
                0x08000df8                WWDG_IRQHandler
                0x08000df8                TIM2_IRQHandler
                0x08000df8                OTG_FS_WKUP_IRQHandler
                0x08000df8                TIM1_TRG_COM_TIM11_IRQHandler
                0x08000df8                OTG_HS_IRQHandler
                0x08000df8                EXTI1_IRQHandler
                0x08000df8                USART2_IRQHandler
                0x08000df8                I2C2_ER_IRQHandler
                0x08000df8                DMA2_Stream1_IRQHandler
                0x08000df8                CAN1_SCE_IRQHandler
                0x08000df8                FLASH_IRQHandler
                0x08000df8                DMA2_Stream4_IRQHandler
                0x08000df8                USART1_IRQHandler
                0x08000df8                OTG_FS_IRQHandler
                0x08000df8                SPI3_IRQHandler
                0x08000df8                DMA1_Stream4_IRQHandler
                0x08000df8                I2C1_ER_IRQHandler
                0x08000df8                DMA2_Stream6_IRQHandler
                0x08000df8                DMA1_Stream3_IRQHandler
 *fill*         0x08000dfa        0x2 
 .text.HAL_Init
                0x08000dfc       0x44 ./Drivers/STM32F4xx_HAL_Driver/Src/stm32f4xx_hal.o
                0x08000dfc                HAL_Init
 .text.HAL_IncTick
                0x08000e40       0x28 ./Drivers/STM32F4xx_HAL_Driver/Src/stm32f4xx_hal.o
                0x08000e40                HAL_IncTick
 .text.HAL_GetTick
                0x08000e68       0x18 ./Drivers/STM32F4xx_HAL_Driver/Src/stm32f4xx_hal.o
                0x08000e68                HAL_GetTick
 .text.__NVIC_SetPriorityGrouping
                0x08000e80       0x48 ./Drivers/STM32F4xx_HAL_Driver/Src/stm32f4xx_hal_cortex.o
 .text.__NVIC_GetPriorityGrouping
                0x08000ec8       0x1c ./Drivers/STM32F4xx_HAL_Driver/Src/stm32f4xx_hal_cortex.o
 .text.__NVIC_EnableIRQ
                0x08000ee4       0x3c ./Drivers/STM32F4xx_HAL_Driver/Src/stm32f4xx_hal_cortex.o
 .text.__NVIC_SetPriority
                0x08000f20       0x54 ./Drivers/STM32F4xx_HAL_Driver/Src/stm32f4xx_hal_cortex.o
 .text.NVIC_EncodePriority
                0x08000f74       0x66 ./Drivers/STM32F4xx_HAL_Driver/Src/stm32f4xx_hal_cortex.o
 .text.HAL_NVIC_SetPriorityGrouping
                0x08000fda       0x16 ./Drivers/STM32F4xx_HAL_Driver/Src/stm32f4xx_hal_cortex.o
                0x08000fda                HAL_NVIC_SetPriorityGrouping
 .text.HAL_NVIC_SetPriority
                0x08000ff0       0x38 ./Drivers/STM32F4xx_HAL_Driver/Src/stm32f4xx_hal_cortex.o
                0x08000ff0                HAL_NVIC_SetPriority
 .text.HAL_NVIC_EnableIRQ
                0x08001028       0x1c ./Drivers/STM32F4xx_HAL_Driver/Src/stm32f4xx_hal_cortex.o
                0x08001028                HAL_NVIC_EnableIRQ
 .text.HAL_GPIO_Init
                0x08001044      0x338 ./Drivers/STM32F4xx_HAL_Driver/Src/stm32f4xx_hal_gpio.o
                0x08001044                HAL_GPIO_Init
 .text.HAL_GPIO_WritePin
                0x0800137c       0x32 ./Drivers/STM32F4xx_HAL_Driver/Src/stm32f4xx_hal_gpio.o
                0x0800137c                HAL_GPIO_WritePin
 .text.HAL_GPIO_TogglePin
                0x080013ae       0x34 ./Drivers/STM32F4xx_HAL_Driver/Src/stm32f4xx_hal_gpio.o
                0x080013ae                HAL_GPIO_TogglePin
 *fill*         0x080013e2        0x2 
 .text.HAL_GPIO_EXTI_IRQHandler
                0x080013e4       0x30 ./Drivers/STM32F4xx_HAL_Driver/Src/stm32f4xx_hal_gpio.o
                0x080013e4                HAL_GPIO_EXTI_IRQHandler
 .text.HAL_RCC_OscConfig
                0x08001414      0x4f0 ./Drivers/STM32F4xx_HAL_Driver/Src/stm32f4xx_hal_rcc.o
                0x08001414                HAL_RCC_OscConfig
 .text.HAL_RCC_ClockConfig
                0x08001904      0x1cc ./Drivers/STM32F4xx_HAL_Driver/Src/stm32f4xx_hal_rcc.o
                0x08001904                HAL_RCC_ClockConfig
 .text.HAL_RCC_GetSysClockFreq
                0x08001ad0      0x20c ./Drivers/STM32F4xx_HAL_Driver/Src/stm32f4xx_hal_rcc.o
                0x08001ad0                HAL_RCC_GetSysClockFreq
 .text.HAL_RCC_GetHCLKFreq
                0x08001cdc       0x18 ./Drivers/STM32F4xx_HAL_Driver/Src/stm32f4xx_hal_rcc.o
                0x08001cdc                HAL_RCC_GetHCLKFreq
 .text.HAL_RCC_GetPCLK1Freq
                0x08001cf4       0x28 ./Drivers/STM32F4xx_HAL_Driver/Src/stm32f4xx_hal_rcc.o
                0x08001cf4                HAL_RCC_GetPCLK1Freq
 .text.HAL_RCC_GetClockConfig
                0x08001d1c       0x64 ./Drivers/STM32F4xx_HAL_Driver/Src/stm32f4xx_hal_rcc.o
                0x08001d1c                HAL_RCC_GetClockConfig
 .text.HAL_SPI_Init
                0x08001d80      0x112 ./Drivers/STM32F4xx_HAL_Driver/Src/stm32f4xx_hal_spi.o
                0x08001d80                HAL_SPI_Init
 .text.HAL_SPI_Transmit
                0x08001e92      0x288 ./Drivers/STM32F4xx_HAL_Driver/Src/stm32f4xx_hal_spi.o
                0x08001e92                HAL_SPI_Transmit
 *fill*         0x0800211a        0x2 
 .text.SPI_WaitFlagStateUntilTimeout
                0x0800211c      0x110 ./Drivers/STM32F4xx_HAL_Driver/Src/stm32f4xx_hal_spi.o
 .text.SPI_EndRxTxTransaction
                0x0800222c       0xa8 ./Drivers/STM32F4xx_HAL_Driver/Src/stm32f4xx_hal_spi.o
 .text.HAL_TIM_Base_Init
                0x080022d4       0x9e ./Drivers/STM32F4xx_HAL_Driver/Src/stm32f4xx_hal_tim.o
                0x080022d4                HAL_TIM_Base_Init
 .text.HAL_TIM_Base_MspInit
                0x08002372       0x14 ./Drivers/STM32F4xx_HAL_Driver/Src/stm32f4xx_hal_tim.o
                0x08002372                HAL_TIM_Base_MspInit
 *fill*         0x08002386        0x2 
 .text.HAL_TIM_Base_Start_IT
                0x08002388       0xe0 ./Drivers/STM32F4xx_HAL_Driver/Src/stm32f4xx_hal_tim.o
                0x08002388                HAL_TIM_Base_Start_IT
 .text.HAL_TIM_IRQHandler
                0x08002468      0x1e0 ./Drivers/STM32F4xx_HAL_Driver/Src/stm32f4xx_hal_tim.o
                0x08002468                HAL_TIM_IRQHandler
 .text.HAL_TIM_OC_DelayElapsedCallback
                0x08002648       0x14 ./Drivers/STM32F4xx_HAL_Driver/Src/stm32f4xx_hal_tim.o
                0x08002648                HAL_TIM_OC_DelayElapsedCallback
 .text.HAL_TIM_IC_CaptureCallback
                0x0800265c       0x14 ./Drivers/STM32F4xx_HAL_Driver/Src/stm32f4xx_hal_tim.o
                0x0800265c                HAL_TIM_IC_CaptureCallback
 .text.HAL_TIM_PWM_PulseFinishedCallback
                0x08002670       0x14 ./Drivers/STM32F4xx_HAL_Driver/Src/stm32f4xx_hal_tim.o
                0x08002670                HAL_TIM_PWM_PulseFinishedCallback
 .text.HAL_TIM_TriggerCallback
                0x08002684       0x14 ./Drivers/STM32F4xx_HAL_Driver/Src/stm32f4xx_hal_tim.o
                0x08002684                HAL_TIM_TriggerCallback
 .text.TIM_Base_SetConfig
                0x08002698      0x14c ./Drivers/STM32F4xx_HAL_Driver/Src/stm32f4xx_hal_tim.o
                0x08002698                TIM_Base_SetConfig
 .text.HAL_TIMEx_CommutCallback
                0x080027e4       0x14 ./Drivers/STM32F4xx_HAL_Driver/Src/stm32f4xx_hal_tim_ex.o
                0x080027e4                HAL_TIMEx_CommutCallback
 .text.HAL_TIMEx_BreakCallback
                0x080027f8       0x14 ./Drivers/STM32F4xx_HAL_Driver/Src/stm32f4xx_hal_tim_ex.o
                0x080027f8                HAL_TIMEx_BreakCallback
 .text.vListInitialise
                0x0800280c       0x40 ./FreeRTOS/list.o
                0x0800280c                vListInitialise
 .text.vListInitialiseItem
                0x0800284c       0x1a ./FreeRTOS/list.o
                0x0800284c                vListInitialiseItem
 .text.vListInsertEnd
                0x08002866       0x48 ./FreeRTOS/list.o
                0x08002866                vListInsertEnd
 .text.vListInsert
                0x080028ae       0x72 ./FreeRTOS/list.o
                0x080028ae                vListInsert
 .text.uxListRemove
                0x08002920       0x54 ./FreeRTOS/list.o
                0x08002920                uxListRemove
 .text.xQueueGenericReset
                0x08002974       0xd4 ./FreeRTOS/queue.o
                0x08002974                xQueueGenericReset
 .text.xQueueGenericCreate
                0x08002a48       0x7a ./FreeRTOS/queue.o
                0x08002a48                xQueueGenericCreate
 .text.prvInitialiseNewQueue
                0x08002ac2       0x46 ./FreeRTOS/queue.o
 .text.xQueueGenericSend
                0x08002b08      0x204 ./FreeRTOS/queue.o
                0x08002b08                xQueueGenericSend
 .text.xQueueGenericSendFromISR
                0x08002d0c      0x136 ./FreeRTOS/queue.o
                0x08002d0c                xQueueGenericSendFromISR
 .text.xQueueGiveFromISR
                0x08002e42      0x120 ./FreeRTOS/queue.o
                0x08002e42                xQueueGiveFromISR
 *fill*         0x08002f62        0x2 
 .text.xQueueReceive
                0x08002f64      0x1c4 ./FreeRTOS/queue.o
                0x08002f64                xQueueReceive
 .text.xQueueSemaphoreTake
                0x08003128      0x220 ./FreeRTOS/queue.o
                0x08003128                xQueueSemaphoreTake
 .text.prvGetDisinheritPriorityAfterTimeout
                0x08003348       0x30 ./FreeRTOS/queue.o
 .text.prvCopyDataToQueue
                0x08003378       0xd4 ./FreeRTOS/queue.o
 .text.prvCopyDataFromQueue
                0x0800344c       0x4c ./FreeRTOS/queue.o
 .text.prvUnlockQueue
                0x08003498       0xa4 ./FreeRTOS/queue.o
 .text.prvIsQueueEmpty
                0x0800353c       0x2c ./FreeRTOS/queue.o
 .text.prvIsQueueFull
                0x08003568       0x30 ./FreeRTOS/queue.o
 .text.vQueueAddToRegistry
                0x08003598       0x54 ./FreeRTOS/queue.o
                0x08003598                vQueueAddToRegistry
 .text.vQueueWaitForMessageRestricted
                0x080035ec       0x68 ./FreeRTOS/queue.o
                0x080035ec                vQueueWaitForMessageRestricted
 .text.xTaskCreate
                0x08003654       0x82 ./FreeRTOS/tasks.o
                0x08003654                xTaskCreate
 .text.prvInitialiseNewTask
                0x080036d6      0x120 ./FreeRTOS/tasks.o
 *fill*         0x080037f6        0x2 
 .text.prvAddNewTaskToReadyList
                0x080037f8       0xdc ./FreeRTOS/tasks.o
 .text.vTaskDelay
                0x080038d4       0x6c ./FreeRTOS/tasks.o
                0x080038d4                vTaskDelay
 .text.vTaskStartScheduler
                0x08003940       0x9c ./FreeRTOS/tasks.o
                0x08003940                vTaskStartScheduler
 .text.vTaskSuspendAll
                0x080039dc       0x1c ./FreeRTOS/tasks.o
                0x080039dc                vTaskSuspendAll
 .text.xTaskResumeAll
                0x080039f8      0x13c ./FreeRTOS/tasks.o
                0x080039f8                xTaskResumeAll
 .text.xTaskGetTickCount
                0x08003b34       0x20 ./FreeRTOS/tasks.o
                0x08003b34                xTaskGetTickCount
 .text.xTaskIncrementTick
                0x08003b54      0x174 ./FreeRTOS/tasks.o
                0x08003b54                xTaskIncrementTick
 .text.vTaskSwitchContext
                0x08003cc8       0xb8 ./FreeRTOS/tasks.o
                0x08003cc8                vTaskSwitchContext
 .text.vTaskPlaceOnEventList
                0x08003d80       0x4c ./FreeRTOS/tasks.o
                0x08003d80                vTaskPlaceOnEventList
 .text.vTaskPlaceOnEventListRestricted
                0x08003dcc       0x58 ./FreeRTOS/tasks.o
                0x08003dcc                vTaskPlaceOnEventListRestricted
 .text.xTaskRemoveFromEventList
                0x08003e24       0xc8 ./FreeRTOS/tasks.o
                0x08003e24                xTaskRemoveFromEventList
 .text.vTaskInternalSetTimeOutState
                0x08003eec       0x2c ./FreeRTOS/tasks.o
                0x08003eec                vTaskInternalSetTimeOutState
 .text.xTaskCheckForTimeOut
                0x08003f18       0xc8 ./FreeRTOS/tasks.o
                0x08003f18                xTaskCheckForTimeOut
 .text.vTaskMissedYield
                0x08003fe0       0x18 ./FreeRTOS/tasks.o
                0x08003fe0                vTaskMissedYield
 .text.prvIdleTask
                0x08003ff8       0x30 ./FreeRTOS/tasks.o
 .text.prvInitialiseTaskLists
                0x08004028       0x80 ./FreeRTOS/tasks.o
 .text.prvCheckTasksWaitingTermination
                0x080040a8       0x5c ./FreeRTOS/tasks.o
 .text.prvDeleteTCB
                0x08004104       0x20 ./FreeRTOS/tasks.o
 .text.prvResetNextTaskUnblockTime
                0x08004124       0x40 ./FreeRTOS/tasks.o
 .text.xTaskGetSchedulerState
                0x08004164       0x3c ./FreeRTOS/tasks.o
                0x08004164                xTaskGetSchedulerState
 .text.xTaskPriorityInherit
                0x080041a0      0x100 ./FreeRTOS/tasks.o
                0x080041a0                xTaskPriorityInherit
 .text.xTaskPriorityDisinherit
                0x080042a0      0x110 ./FreeRTOS/tasks.o
                0x080042a0                xTaskPriorityDisinherit
 .text.vTaskPriorityDisinheritAfterTimeout
                0x080043b0      0x138 ./FreeRTOS/tasks.o
                0x080043b0                vTaskPriorityDisinheritAfterTimeout
 .text.pvTaskIncrementMutexHeldCount
                0x080044e8       0x28 ./FreeRTOS/tasks.o
                0x080044e8                pvTaskIncrementMutexHeldCount
 .text.prvAddCurrentTaskToDelayedList
                0x08004510       0xcc ./FreeRTOS/tasks.o
 .text.xTimerCreateTimerTask
                0x080045dc       0x68 ./FreeRTOS/timers.o
                0x080045dc                xTimerCreateTimerTask
 .text.xTimerGenericCommand
                0x08004644       0x9c ./FreeRTOS/timers.o
                0x08004644                xTimerGenericCommand
 .text.prvProcessExpiredTimer
                0x080046e0       0x9c ./FreeRTOS/timers.o
 .text.prvTimerTask
                0x0800477c       0x26 ./FreeRTOS/timers.o
 *fill*         0x080047a2        0x2 
 .text.prvProcessTimerOrBlockTask
                0x080047a4       0x9c ./FreeRTOS/timers.o
 .text.prvGetNextExpireTime
                0x08004840       0x48 ./FreeRTOS/timers.o
 .text.prvSampleTimeNow
                0x08004888       0x40 ./FreeRTOS/timers.o
 .text.prvInsertTimerInActiveList
                0x080048c8       0x84 ./FreeRTOS/timers.o
 .text.prvProcessReceivedCommands
                0x0800494c      0x194 ./FreeRTOS/timers.o
 .text.prvSwitchTimerLists
                0x08004ae0       0xcc ./FreeRTOS/timers.o
 .text.prvCheckForValidListAndQueue
                0x08004bac       0x6c ./FreeRTOS/timers.o
 .text.pxPortInitialiseStack
                0x08004c18       0x68 ./FreeRTOS/portable/ARM_CM4F/port.o
                0x08004c18                pxPortInitialiseStack
 .text.prvTaskExitError
                0x08004c80       0x5c ./FreeRTOS/portable/ARM_CM4F/port.o
 *fill*         0x08004cdc        0x4 
 .text.SVC_Handler
                0x08004ce0       0x28 ./FreeRTOS/portable/ARM_CM4F/port.o
                0x08004ce0                SVC_Handler
 .text.prvPortStartFirstTask
                0x08004d08       0x28 ./FreeRTOS/portable/ARM_CM4F/port.o
 .text.xPortStartScheduler
                0x08004d30      0x148 ./FreeRTOS/portable/ARM_CM4F/port.o
                0x08004d30                xPortStartScheduler
 .text.vPortEnterCritical
                0x08004e78       0x64 ./FreeRTOS/portable/ARM_CM4F/port.o
                0x08004e78                vPortEnterCritical
 .text.vPortExitCritical
                0x08004edc       0x54 ./FreeRTOS/portable/ARM_CM4F/port.o
                0x08004edc                vPortExitCritical
 .text.PendSV_Handler
                0x08004f30       0x68 ./FreeRTOS/portable/ARM_CM4F/port.o
                0x08004f30                PendSV_Handler
 .text.SysTick_Handler
                0x08004f98       0x44 ./FreeRTOS/portable/ARM_CM4F/port.o
                0x08004f98                SysTick_Handler
 .text.vPortSetupTimerInterrupt
                0x08004fdc       0x48 ./FreeRTOS/portable/ARM_CM4F/port.o
                0x08004fdc                vPortSetupTimerInterrupt
 .text.vPortEnableVFP
                0x08005024       0x14 ./FreeRTOS/portable/ARM_CM4F/port.o
 .text.vPortValidateInterruptPriority
                0x08005038       0x84 ./FreeRTOS/portable/ARM_CM4F/port.o
                0x08005038                vPortValidateInterruptPriority
 .text.pvPortMalloc
                0x080050bc      0x190 ./FreeRTOS/portable/MemMang/heap_4.o
                0x080050bc                pvPortMalloc
 .text.vPortFree
                0x0800524c       0xb8 ./FreeRTOS/portable/MemMang/heap_4.o
                0x0800524c                vPortFree
 .text.prvHeapInit
                0x08005304       0xc4 ./FreeRTOS/portable/MemMang/heap_4.o
 .text.prvInsertBlockIntoFreeList
                0x080053c8       0xb4 ./FreeRTOS/portable/MemMang/heap_4.o
 .text.memset   0x0800547c       0x10 C:/ST/STM32CubeIDE_1.17.0/STM32CubeIDE/plugins/com.st.stm32cube.ide.mcu.externaltools.gnu-tools-for-stm32.12.3.rel1.win32_1.1.0.202410251130/tools/bin/../lib/gcc/arm-none-eabi/12.3.1/../../../../arm-none-eabi/lib/thumb/v7e-m+fp/hard\libc_nano.a(libc_a-memset.o)
                0x0800547c                memset
 .text.__libc_init_array
                0x0800548c       0x48 C:/ST/STM32CubeIDE_1.17.0/STM32CubeIDE/plugins/com.st.stm32cube.ide.mcu.externaltools.gnu-tools-for-stm32.12.3.rel1.win32_1.1.0.202410251130/tools/bin/../lib/gcc/arm-none-eabi/12.3.1/../../../../arm-none-eabi/lib/thumb/v7e-m+fp/hard\libc_nano.a(libc_a-init.o)
                0x0800548c                __libc_init_array
 .text.memcpy   0x080054d4       0x1c C:/ST/STM32CubeIDE_1.17.0/STM32CubeIDE/plugins/com.st.stm32cube.ide.mcu.externaltools.gnu-tools-for-stm32.12.3.rel1.win32_1.1.0.202410251130/tools/bin/../lib/gcc/arm-none-eabi/12.3.1/../../../../arm-none-eabi/lib/thumb/v7e-m+fp/hard\libc_nano.a(libc_a-memcpy-stub.o)
                0x080054d4                memcpy
 *(.glue_7)
 .glue_7        0x080054f0        0x0 linker stubs
 *(.glue_7t)
 .glue_7t       0x080054f0        0x0 linker stubs
 *(.eh_frame)
 .eh_frame      0x080054f0        0x0 C:/ST/STM32CubeIDE_1.17.0/STM32CubeIDE/plugins/com.st.stm32cube.ide.mcu.externaltools.gnu-tools-for-stm32.12.3.rel1.win32_1.1.0.202410251130/tools/bin/../lib/gcc/arm-none-eabi/12.3.1/thumb/v7e-m+fp/hard/crtbegin.o
 *(.init)
 .init          0x080054f0        0x4 C:/ST/STM32CubeIDE_1.17.0/STM32CubeIDE/plugins/com.st.stm32cube.ide.mcu.externaltools.gnu-tools-for-stm32.12.3.rel1.win32_1.1.0.202410251130/tools/bin/../lib/gcc/arm-none-eabi/12.3.1/thumb/v7e-m+fp/hard/crti.o
                0x080054f0                _init
 .init          0x080054f4        0x8 C:/ST/STM32CubeIDE_1.17.0/STM32CubeIDE/plugins/com.st.stm32cube.ide.mcu.externaltools.gnu-tools-for-stm32.12.3.rel1.win32_1.1.0.202410251130/tools/bin/../lib/gcc/arm-none-eabi/12.3.1/thumb/v7e-m+fp/hard/crtn.o
 *(.fini)
 .fini          0x080054fc        0x4 C:/ST/STM32CubeIDE_1.17.0/STM32CubeIDE/plugins/com.st.stm32cube.ide.mcu.externaltools.gnu-tools-for-stm32.12.3.rel1.win32_1.1.0.202410251130/tools/bin/../lib/gcc/arm-none-eabi/12.3.1/thumb/v7e-m+fp/hard/crti.o
                0x080054fc                _fini
 .fini          0x08005500        0x8 C:/ST/STM32CubeIDE_1.17.0/STM32CubeIDE/plugins/com.st.stm32cube.ide.mcu.externaltools.gnu-tools-for-stm32.12.3.rel1.win32_1.1.0.202410251130/tools/bin/../lib/gcc/arm-none-eabi/12.3.1/thumb/v7e-m+fp/hard/crtn.o
                0x08005508                        . = ALIGN (0x4)
                0x08005508                        _etext = .

.vfp11_veneer   0x08005508        0x0
 .vfp11_veneer  0x08005508        0x0 linker stubs

.v4_bx          0x08005508        0x0
 .v4_bx         0x08005508        0x0 linker stubs

.iplt           0x08005508        0x0
 .iplt          0x08005508        0x0 C:/ST/STM32CubeIDE_1.17.0/STM32CubeIDE/plugins/com.st.stm32cube.ide.mcu.externaltools.gnu-tools-for-stm32.12.3.rel1.win32_1.1.0.202410251130/tools/bin/../lib/gcc/arm-none-eabi/12.3.1/thumb/v7e-m+fp/hard/crtbegin.o

.rodata         0x08005508       0x4c
                0x08005508                        . = ALIGN (0x4)
 *(.rodata)
 .rodata        0x08005508       0x19 ./Core/Src/main.o
 *fill*         0x08005521        0x3 
 .rodata        0x08005524        0x5 ./FreeRTOS/tasks.o
 *fill*         0x08005529        0x3 
 .rodata        0x0800552c        0xd ./FreeRTOS/timers.o
 *(.rodata*)
 *fill*         0x08005539        0x3 
 .rodata.AHBPrescTable
                0x0800553c       0x10 ./Core/Src/system_stm32f4xx.o
                0x0800553c                AHBPrescTable
 .rodata.APBPrescTable
                0x0800554c        0x8 ./Core/Src/system_stm32f4xx.o
                0x0800554c                APBPrescTable
                0x08005554                        . = ALIGN (0x4)

.ARM.extab      0x08005554        0x0
                0x08005554                        . = ALIGN (0x4)
 *(.ARM.extab* .gnu.linkonce.armextab.*)
                0x08005554                        . = ALIGN (0x4)

.ARM            0x08005554        0x8
                0x08005554                        . = ALIGN (0x4)
                0x08005554                        __exidx_start = .
 *(.ARM.exidx*)
 .ARM.exidx     0x08005554        0x8 C:/ST/STM32CubeIDE_1.17.0/STM32CubeIDE/plugins/com.st.stm32cube.ide.mcu.externaltools.gnu-tools-for-stm32.12.3.rel1.win32_1.1.0.202410251130/tools/bin/../lib/gcc/arm-none-eabi/12.3.1/thumb/v7e-m+fp/hard\libgcc.a(_udivmoddi4.o)
                0x0800555c                        __exidx_end = .
                0x0800555c                        . = ALIGN (0x4)

.preinit_array  0x0800555c        0x0
                0x0800555c                        . = ALIGN (0x4)
                0x0800555c                        PROVIDE (__preinit_array_start = .)
 *(.preinit_array*)
                0x0800555c                        PROVIDE (__preinit_array_end = .)
                0x0800555c                        . = ALIGN (0x4)

.init_array     0x0800555c        0x4
                0x0800555c                        . = ALIGN (0x4)
                0x0800555c                        PROVIDE (__init_array_start = .)
 *(SORT_BY_NAME(.init_array.*))
 *(.init_array*)
 .init_array    0x0800555c        0x4 C:/ST/STM32CubeIDE_1.17.0/STM32CubeIDE/plugins/com.st.stm32cube.ide.mcu.externaltools.gnu-tools-for-stm32.12.3.rel1.win32_1.1.0.202410251130/tools/bin/../lib/gcc/arm-none-eabi/12.3.1/thumb/v7e-m+fp/hard/crtbegin.o
                0x08005560                        PROVIDE (__init_array_end = .)
                0x08005560                        . = ALIGN (0x4)

.fini_array     0x08005560        0x4
                0x08005560                        . = ALIGN (0x4)
                [!provide]                        PROVIDE (__fini_array_start = .)
 *(SORT_BY_NAME(.fini_array.*))
 *(.fini_array*)
 .fini_array    0x08005560        0x4 C:/ST/STM32CubeIDE_1.17.0/STM32CubeIDE/plugins/com.st.stm32cube.ide.mcu.externaltools.gnu-tools-for-stm32.12.3.rel1.win32_1.1.0.202410251130/tools/bin/../lib/gcc/arm-none-eabi/12.3.1/thumb/v7e-m+fp/hard/crtbegin.o
                [!provide]                        PROVIDE (__fini_array_end = .)
                0x08005564                        . = ALIGN (0x4)
                0x08005564                        _sidata = LOADADDR (.data)

.rel.dyn        0x08005564        0x0
 .rel.iplt      0x08005564        0x0 C:/ST/STM32CubeIDE_1.17.0/STM32CubeIDE/plugins/com.st.stm32cube.ide.mcu.externaltools.gnu-tools-for-stm32.12.3.rel1.win32_1.1.0.202410251130/tools/bin/../lib/gcc/arm-none-eabi/12.3.1/thumb/v7e-m+fp/hard/crtbegin.o

.data           0x20000000       0x10 load address 0x08005564
                0x20000000                        . = ALIGN (0x4)
                0x20000000                        _sdata = .
 *(.data)
 *(.data*)
 .data.SystemCoreClock
                0x20000000        0x4 ./Core/Src/system_stm32f4xx.o
                0x20000000                SystemCoreClock
 .data.uwTickPrio
                0x20000004        0x4 ./Drivers/STM32F4xx_HAL_Driver/Src/stm32f4xx_hal.o
                0x20000004                uwTickPrio
 .data.uwTickFreq
                0x20000008        0x1 ./Drivers/STM32F4xx_HAL_Driver/Src/stm32f4xx_hal.o
                0x20000008                uwTickFreq
 *fill*         0x20000009        0x3 
 .data.uxCriticalNesting
                0x2000000c        0x4 ./FreeRTOS/portable/ARM_CM4F/port.o
 *(.RamFunc)
 *(.RamFunc*)
                0x20000010                        . = ALIGN (0x4)
                0x20000010                        _edata = .
                0x08005574                        _siccmram = LOADADDR (.ccmram)

.igot.plt       0x20000010        0x0 load address 0x08005574
 .igot.plt      0x20000010        0x0 C:/ST/STM32CubeIDE_1.17.0/STM32CubeIDE/plugins/com.st.stm32cube.ide.mcu.externaltools.gnu-tools-for-stm32.12.3.rel1.win32_1.1.0.202410251130/tools/bin/../lib/gcc/arm-none-eabi/12.3.1/thumb/v7e-m+fp/hard/crtbegin.o

.ccmram         0x10000000        0x0 load address 0x08005574
                0x10000000                        . = ALIGN (0x4)
                0x10000000                        _sccmram = .
 *(.ccmram)
 *(.ccmram*)
                0x10000000                        . = ALIGN (0x4)
                0x10000000                        _eccmram = .
                0x10000000                        . = ALIGN (0x4)

.bss            0x20000010    0x12e68
                0x20000010                        _sbss = .
                0x20000010                        __bss_start__ = _sbss
 *(.bss)
 .bss           0x20000010       0x1c C:/ST/STM32CubeIDE_1.17.0/STM32CubeIDE/plugins/com.st.stm32cube.ide.mcu.externaltools.gnu-tools-for-stm32.12.3.rel1.win32_1.1.0.202410251130/tools/bin/../lib/gcc/arm-none-eabi/12.3.1/thumb/v7e-m+fp/hard/crtbegin.o
 *(.bss*)
 .bss.hspi1     0x2000002c       0x58 ./Core/Src/main.o
                0x2000002c                hspi1
 .bss.xSemaphore
                0x20000084        0x4 ./Core/Src/main.o
                0x20000084                xSemaphore
 .bss.xGreenPermit
                0x20000088        0x4 ./Core/Src/main.o
                0x20000088                xGreenPermit
 .bss.htim7     0x2000008c       0x48 ./Core/Src/stm32f4xx_hal_timebase_tim.o
                0x2000008c                htim7
 .bss.uwTick    0x200000d4        0x4 ./Drivers/STM32F4xx_HAL_Driver/Src/stm32f4xx_hal.o
                0x200000d4                uwTick
 .bss.xQueueRegistry
                0x200000d8       0x40 ./FreeRTOS/queue.o
                0x200000d8                xQueueRegistry
 .bss.pxCurrentTCB
                0x20000118        0x4 ./FreeRTOS/tasks.o
                0x20000118                pxCurrentTCB
 .bss.pxReadyTasksLists
                0x2000011c       0x64 ./FreeRTOS/tasks.o
 .bss.xDelayedTaskList1
                0x20000180       0x14 ./FreeRTOS/tasks.o
 .bss.xDelayedTaskList2
                0x20000194       0x14 ./FreeRTOS/tasks.o
 .bss.pxDelayedTaskList
                0x200001a8        0x4 ./FreeRTOS/tasks.o
 .bss.pxOverflowDelayedTaskList
                0x200001ac        0x4 ./FreeRTOS/tasks.o
 .bss.xPendingReadyList
                0x200001b0       0x14 ./FreeRTOS/tasks.o
 .bss.xTasksWaitingTermination
                0x200001c4       0x14 ./FreeRTOS/tasks.o
 .bss.uxDeletedTasksWaitingCleanUp
                0x200001d8        0x4 ./FreeRTOS/tasks.o
 .bss.xSuspendedTaskList
                0x200001dc       0x14 ./FreeRTOS/tasks.o
 .bss.uxCurrentNumberOfTasks
                0x200001f0        0x4 ./FreeRTOS/tasks.o
 .bss.xTickCount
                0x200001f4        0x4 ./FreeRTOS/tasks.o
 .bss.uxTopReadyPriority
                0x200001f8        0x4 ./FreeRTOS/tasks.o
 .bss.xSchedulerRunning
                0x200001fc        0x4 ./FreeRTOS/tasks.o
 .bss.uxPendedTicks
                0x20000200        0x4 ./FreeRTOS/tasks.o
 .bss.xYieldPending
                0x20000204        0x4 ./FreeRTOS/tasks.o
 .bss.xNumOfOverflows
                0x20000208        0x4 ./FreeRTOS/tasks.o
 .bss.uxTaskNumber
                0x2000020c        0x4 ./FreeRTOS/tasks.o
 .bss.xNextTaskUnblockTime
                0x20000210        0x4 ./FreeRTOS/tasks.o
 .bss.xIdleTaskHandle
                0x20000214        0x4 ./FreeRTOS/tasks.o
 .bss.uxSchedulerSuspended
                0x20000218        0x4 ./FreeRTOS/tasks.o
 .bss.xActiveTimerList1
                0x2000021c       0x14 ./FreeRTOS/timers.o
 .bss.xActiveTimerList2
                0x20000230       0x14 ./FreeRTOS/timers.o
 .bss.pxCurrentTimerList
                0x20000244        0x4 ./FreeRTOS/timers.o
 .bss.pxOverflowTimerList
                0x20000248        0x4 ./FreeRTOS/timers.o
 .bss.xTimerQueue
                0x2000024c        0x4 ./FreeRTOS/timers.o
 .bss.xTimerTaskHandle
                0x20000250        0x4 ./FreeRTOS/timers.o
 .bss.xLastTime.0
                0x20000254        0x4 ./FreeRTOS/timers.o
 .bss.ucMaxSysCallPriority
                0x20000258        0x1 ./FreeRTOS/portable/ARM_CM4F/port.o
 *fill*         0x20000259        0x3 
 .bss.ulMaxPRIGROUPValue
                0x2000025c        0x4 ./FreeRTOS/portable/ARM_CM4F/port.o
 .bss.ucHeap    0x20000260    0x12c00 ./FreeRTOS/portable/MemMang/heap_4.o
 .bss.xStart    0x20012e60        0x8 ./FreeRTOS/portable/MemMang/heap_4.o
 .bss.pxEnd     0x20012e68        0x4 ./FreeRTOS/portable/MemMang/heap_4.o
 .bss.xFreeBytesRemaining
                0x20012e6c        0x4 ./FreeRTOS/portable/MemMang/heap_4.o
 .bss.xMinimumEverFreeBytesRemaining
                0x20012e70        0x4 ./FreeRTOS/portable/MemMang/heap_4.o
 .bss.xBlockAllocatedBit
                0x20012e74        0x4 ./FreeRTOS/portable/MemMang/heap_4.o
 *(COMMON)
                0x20012e78                        . = ALIGN (0x4)
                0x20012e78                        _ebss = .
                0x20012e78                        __bss_end__ = _ebss

._user_heap_stack
                0x20012e78      0x600
                0x20012e78                        . = ALIGN (0x8)
                [!provide]                        PROVIDE (end = .)
                0x20012e78                        PROVIDE (_end = .)
                0x20013078                        . = (. + _Min_Heap_Size)
 *fill*         0x20012e78      0x200 
                0x20013478                        . = (. + _Min_Stack_Size)
 *fill*         0x20013078      0x400 
                0x20013478                        . = ALIGN (0x8)

/DISCARD/
 libc.a(*)
 libm.a(*)
 libgcc.a(*)

.ARM.attributes
                0x00000000       0x30
 *(.ARM.attributes)
 .ARM.attributes
                0x00000000       0x22 C:/ST/STM32CubeIDE_1.17.0/STM32CubeIDE/plugins/com.st.stm32cube.ide.mcu.externaltools.gnu-tools-for-stm32.12.3.rel1.win32_1.1.0.202410251130/tools/bin/../lib/gcc/arm-none-eabi/12.3.1/thumb/v7e-m+fp/hard/crti.o
 .ARM.attributes
                0x00000022       0x34 C:/ST/STM32CubeIDE_1.17.0/STM32CubeIDE/plugins/com.st.stm32cube.ide.mcu.externaltools.gnu-tools-for-stm32.12.3.rel1.win32_1.1.0.202410251130/tools/bin/../lib/gcc/arm-none-eabi/12.3.1/thumb/v7e-m+fp/hard/crtbegin.o
 .ARM.attributes
                0x00000056       0x34 ./Core/Src/main.o
 .ARM.attributes
                0x0000008a       0x34 ./Core/Src/stm32f4xx_hal_msp.o
 .ARM.attributes
                0x000000be       0x34 ./Core/Src/stm32f4xx_hal_timebase_tim.o
 .ARM.attributes
                0x000000f2       0x34 ./Core/Src/stm32f4xx_it.o
 .ARM.attributes
                0x00000126       0x34 ./Core/Src/system_stm32f4xx.o
 .ARM.attributes
                0x0000015a       0x21 ./Core/Startup/startup_stm32f407vgtx.o
 .ARM.attributes
                0x0000017b       0x34 ./Drivers/STM32F4xx_HAL_Driver/Src/stm32f4xx_hal.o
 .ARM.attributes
                0x000001af       0x34 ./Drivers/STM32F4xx_HAL_Driver/Src/stm32f4xx_hal_cortex.o
 .ARM.attributes
                0x000001e3       0x34 ./Drivers/STM32F4xx_HAL_Driver/Src/stm32f4xx_hal_gpio.o
 .ARM.attributes
                0x00000217       0x34 ./Drivers/STM32F4xx_HAL_Driver/Src/stm32f4xx_hal_rcc.o
 .ARM.attributes
                0x0000024b       0x34 ./Drivers/STM32F4xx_HAL_Driver/Src/stm32f4xx_hal_spi.o
 .ARM.attributes
                0x0000027f       0x34 ./Drivers/STM32F4xx_HAL_Driver/Src/stm32f4xx_hal_tim.o
 .ARM.attributes
                0x000002b3       0x34 ./Drivers/STM32F4xx_HAL_Driver/Src/stm32f4xx_hal_tim_ex.o
 .ARM.attributes
                0x000002e7       0x34 ./FreeRTOS/list.o
 .ARM.attributes
                0x0000031b       0x34 ./FreeRTOS/queue.o
 .ARM.attributes
                0x0000034f       0x34 ./FreeRTOS/tasks.o
 .ARM.attributes
                0x00000383       0x34 ./FreeRTOS/timers.o
 .ARM.attributes
                0x000003b7       0x34 ./FreeRTOS/portable/ARM_CM4F/port.o
 .ARM.attributes
                0x000003eb       0x34 ./FreeRTOS/portable/MemMang/heap_4.o
 .ARM.attributes
                0x0000041f       0x34 C:/ST/STM32CubeIDE_1.17.0/STM32CubeIDE/plugins/com.st.stm32cube.ide.mcu.externaltools.gnu-tools-for-stm32.12.3.rel1.win32_1.1.0.202410251130/tools/bin/../lib/gcc/arm-none-eabi/12.3.1/../../../../arm-none-eabi/lib/thumb/v7e-m+fp/hard\libc_nano.a(libc_a-memset.o)
 .ARM.attributes
                0x00000453       0x34 C:/ST/STM32CubeIDE_1.17.0/STM32CubeIDE/plugins/com.st.stm32cube.ide.mcu.externaltools.gnu-tools-for-stm32.12.3.rel1.win32_1.1.0.202410251130/tools/bin/../lib/gcc/arm-none-eabi/12.3.1/../../../../arm-none-eabi/lib/thumb/v7e-m+fp/hard\libc_nano.a(libc_a-init.o)
 .ARM.attributes
                0x00000487       0x34 C:/ST/STM32CubeIDE_1.17.0/STM32CubeIDE/plugins/com.st.stm32cube.ide.mcu.externaltools.gnu-tools-for-stm32.12.3.rel1.win32_1.1.0.202410251130/tools/bin/../lib/gcc/arm-none-eabi/12.3.1/../../../../arm-none-eabi/lib/thumb/v7e-m+fp/hard\libc_nano.a(libc_a-memcpy-stub.o)
 .ARM.attributes
                0x000004bb       0x22 C:/ST/STM32CubeIDE_1.17.0/STM32CubeIDE/plugins/com.st.stm32cube.ide.mcu.externaltools.gnu-tools-for-stm32.12.3.rel1.win32_1.1.0.202410251130/tools/bin/../lib/gcc/arm-none-eabi/12.3.1/thumb/v7e-m+fp/hard\libgcc.a(_aeabi_uldivmod.o)
 .ARM.attributes
                0x000004dd       0x34 C:/ST/STM32CubeIDE_1.17.0/STM32CubeIDE/plugins/com.st.stm32cube.ide.mcu.externaltools.gnu-tools-for-stm32.12.3.rel1.win32_1.1.0.202410251130/tools/bin/../lib/gcc/arm-none-eabi/12.3.1/thumb/v7e-m+fp/hard\libgcc.a(_udivmoddi4.o)
 .ARM.attributes
                0x00000511       0x22 C:/ST/STM32CubeIDE_1.17.0/STM32CubeIDE/plugins/com.st.stm32cube.ide.mcu.externaltools.gnu-tools-for-stm32.12.3.rel1.win32_1.1.0.202410251130/tools/bin/../lib/gcc/arm-none-eabi/12.3.1/thumb/v7e-m+fp/hard\libgcc.a(_dvmd_tls.o)
 .ARM.attributes
                0x00000533       0x22 C:/ST/STM32CubeIDE_1.17.0/STM32CubeIDE/plugins/com.st.stm32cube.ide.mcu.externaltools.gnu-tools-for-stm32.12.3.rel1.win32_1.1.0.202410251130/tools/bin/../lib/gcc/arm-none-eabi/12.3.1/thumb/v7e-m+fp/hard/crtn.o
OUTPUT(Lab_3.elf elf32-littlearm)
LOAD linker stubs
LOAD C:/ST/STM32CubeIDE_1.17.0/STM32CubeIDE/plugins/com.st.stm32cube.ide.mcu.externaltools.gnu-tools-for-stm32.12.3.rel1.win32_1.1.0.202410251130/tools/bin/../lib/gcc/arm-none-eabi/12.3.1/../../../../arm-none-eabi/lib/thumb/v7e-m+fp/hard\libc.a
LOAD C:/ST/STM32CubeIDE_1.17.0/STM32CubeIDE/plugins/com.st.stm32cube.ide.mcu.externaltools.gnu-tools-for-stm32.12.3.rel1.win32_1.1.0.202410251130/tools/bin/../lib/gcc/arm-none-eabi/12.3.1/../../../../arm-none-eabi/lib/thumb/v7e-m+fp/hard\libm.a
LOAD C:/ST/STM32CubeIDE_1.17.0/STM32CubeIDE/plugins/com.st.stm32cube.ide.mcu.externaltools.gnu-tools-for-stm32.12.3.rel1.win32_1.1.0.202410251130/tools/bin/../lib/gcc/arm-none-eabi/12.3.1/thumb/v7e-m+fp/hard\libgcc.a

.debug_info     0x00000000     0xff17
 .debug_info    0x00000000     0x152b ./Core/Src/main.o
 .debug_info    0x0000152b      0x919 ./Core/Src/stm32f4xx_hal_msp.o
 .debug_info    0x00001e44      0xbee ./Core/Src/stm32f4xx_hal_timebase_tim.o
 .debug_info    0x00002a32      0x6e3 ./Core/Src/stm32f4xx_it.o
 .debug_info    0x00003115      0x512 ./Core/Src/system_stm32f4xx.o
 .debug_info    0x00003627       0x30 ./Core/Startup/startup_stm32f407vgtx.o
 .debug_info    0x00003657      0x944 ./Drivers/STM32F4xx_HAL_Driver/Src/stm32f4xx_hal.o
 .debug_info    0x00003f9b      0xd8c ./Drivers/STM32F4xx_HAL_Driver/Src/stm32f4xx_hal_cortex.o
 .debug_info    0x00004d27      0x6c3 ./Drivers/STM32F4xx_HAL_Driver/Src/stm32f4xx_hal_gpio.o
 .debug_info    0x000053ea      0x8c3 ./Drivers/STM32F4xx_HAL_Driver/Src/stm32f4xx_hal_rcc.o
 .debug_info    0x00005cad     0x1525 ./Drivers/STM32F4xx_HAL_Driver/Src/stm32f4xx_hal_spi.o
 .debug_info    0x000071d2     0x299d ./Drivers/STM32F4xx_HAL_Driver/Src/stm32f4xx_hal_tim.o
 .debug_info    0x00009b6f     0x14db ./Drivers/STM32F4xx_HAL_Driver/Src/stm32f4xx_hal_tim_ex.o
 .debug_info    0x0000b04a      0x2af ./FreeRTOS/list.o
 .debug_info    0x0000b2f9     0x1740 ./FreeRTOS/queue.o
 .debug_info    0x0000ca39     0x1e4f ./FreeRTOS/tasks.o
 .debug_info    0x0000e888      0xdec ./FreeRTOS/timers.o
 .debug_info    0x0000f674      0x4de ./FreeRTOS/portable/ARM_CM4F/port.o
 .debug_info    0x0000fb52      0x3c5 ./FreeRTOS/portable/MemMang/heap_4.o

.debug_abbrev   0x00000000     0x29b7
 .debug_abbrev  0x00000000      0x30e ./Core/Src/main.o
 .debug_abbrev  0x0000030e      0x1ae ./Core/Src/stm32f4xx_hal_msp.o
 .debug_abbrev  0x000004bc      0x1f4 ./Core/Src/stm32f4xx_hal_timebase_tim.o
 .debug_abbrev  0x000006b0      0x194 ./Core/Src/stm32f4xx_it.o
 .debug_abbrev  0x00000844      0x11a ./Core/Src/system_stm32f4xx.o
 .debug_abbrev  0x0000095e       0x24 ./Core/Startup/startup_stm32f407vgtx.o
 .debug_abbrev  0x00000982      0x214 ./Drivers/STM32F4xx_HAL_Driver/Src/stm32f4xx_hal.o
 .debug_abbrev  0x00000b96      0x31d ./Drivers/STM32F4xx_HAL_Driver/Src/stm32f4xx_hal_cortex.o
 .debug_abbrev  0x00000eb3      0x1d4 ./Drivers/STM32F4xx_HAL_Driver/Src/stm32f4xx_hal_gpio.o
 .debug_abbrev  0x00001087      0x2b7 ./Drivers/STM32F4xx_HAL_Driver/Src/stm32f4xx_hal_rcc.o
 .debug_abbrev  0x0000133e      0x27a ./Drivers/STM32F4xx_HAL_Driver/Src/stm32f4xx_hal_spi.o
 .debug_abbrev  0x000015b8      0x278 ./Drivers/STM32F4xx_HAL_Driver/Src/stm32f4xx_hal_tim.o
 .debug_abbrev  0x00001830      0x283 ./Drivers/STM32F4xx_HAL_Driver/Src/stm32f4xx_hal_tim_ex.o
 .debug_abbrev  0x00001ab3       0xf5 ./FreeRTOS/list.o
 .debug_abbrev  0x00001ba8      0x352 ./FreeRTOS/queue.o
 .debug_abbrev  0x00001efa      0x37e ./FreeRTOS/tasks.o
 .debug_abbrev  0x00002278      0x2de ./FreeRTOS/timers.o
 .debug_abbrev  0x00002556      0x25c ./FreeRTOS/portable/ARM_CM4F/port.o
 .debug_abbrev  0x000027b2      0x205 ./FreeRTOS/portable/MemMang/heap_4.o

.debug_aranges  0x00000000     0x1078
 .debug_aranges
                0x00000000       0x70 ./Core/Src/main.o
 .debug_aranges
                0x00000070       0x30 ./Core/Src/stm32f4xx_hal_msp.o
 .debug_aranges
                0x000000a0       0x30 ./Core/Src/stm32f4xx_hal_timebase_tim.o
 .debug_aranges
                0x000000d0       0x58 ./Core/Src/stm32f4xx_it.o
 .debug_aranges
                0x00000128       0x28 ./Core/Src/system_stm32f4xx.o
 .debug_aranges
                0x00000150       0x28 ./Core/Startup/startup_stm32f407vgtx.o
 .debug_aranges
                0x00000178       0xf0 ./Drivers/STM32F4xx_HAL_Driver/Src/stm32f4xx_hal.o
 .debug_aranges
                0x00000268      0x130 ./Drivers/STM32F4xx_HAL_Driver/Src/stm32f4xx_hal_cortex.o
 .debug_aranges
                0x00000398       0x58 ./Drivers/STM32F4xx_HAL_Driver/Src/stm32f4xx_hal_gpio.o
 .debug_aranges
                0x000003f0       0x88 ./Drivers/STM32F4xx_HAL_Driver/Src/stm32f4xx_hal_rcc.o
 .debug_aranges
                0x00000478      0x1d0 ./Drivers/STM32F4xx_HAL_Driver/Src/stm32f4xx_hal_spi.o
 .debug_aranges
                0x00000648      0x3d0 ./Drivers/STM32F4xx_HAL_Driver/Src/stm32f4xx_hal_tim.o
 .debug_aranges
                0x00000a18      0x168 ./Drivers/STM32F4xx_HAL_Driver/Src/stm32f4xx_hal_tim_ex.o
 .debug_aranges
                0x00000b80       0x40 ./FreeRTOS/list.o
 .debug_aranges
                0x00000bc0      0x130 ./FreeRTOS/queue.o
 .debug_aranges
                0x00000cf0      0x1e8 ./FreeRTOS/tasks.o
 .debug_aranges
                0x00000ed8       0xd0 ./FreeRTOS/timers.o
 .debug_aranges
                0x00000fa8       0x80 ./FreeRTOS/portable/ARM_CM4F/port.o
 .debug_aranges
                0x00001028       0x50 ./FreeRTOS/portable/MemMang/heap_4.o

.debug_rnglists
                0x00000000      0xcb6
 .debug_rnglists
                0x00000000       0x53 ./Core/Src/main.o
 .debug_rnglists
                0x00000053       0x20 ./Core/Src/stm32f4xx_hal_msp.o
 .debug_rnglists
                0x00000073       0x20 ./Core/Src/stm32f4xx_hal_timebase_tim.o
 .debug_rnglists
                0x00000093       0x3d ./Core/Src/stm32f4xx_it.o
 .debug_rnglists
                0x000000d0       0x1a ./Core/Src/system_stm32f4xx.o
 .debug_rnglists
                0x000000ea       0x19 ./Core/Startup/startup_stm32f407vgtx.o
 .debug_rnglists
                0x00000103       0xaf ./Drivers/STM32F4xx_HAL_Driver/Src/stm32f4xx_hal.o
 .debug_rnglists
                0x000001b2       0xe0 ./Drivers/STM32F4xx_HAL_Driver/Src/stm32f4xx_hal_cortex.o
 .debug_rnglists
                0x00000292       0x3f ./Drivers/STM32F4xx_HAL_Driver/Src/stm32f4xx_hal_gpio.o
 .debug_rnglists
                0x000002d1       0x66 ./Drivers/STM32F4xx_HAL_Driver/Src/stm32f4xx_hal_rcc.o
 .debug_rnglists
                0x00000337      0x16f ./Drivers/STM32F4xx_HAL_Driver/Src/stm32f4xx_hal_spi.o
 .debug_rnglists
                0x000004a6      0x31a ./Drivers/STM32F4xx_HAL_Driver/Src/stm32f4xx_hal_tim.o
 .debug_rnglists
                0x000007c0      0x125 ./Drivers/STM32F4xx_HAL_Driver/Src/stm32f4xx_hal_tim_ex.o
 .debug_rnglists
                0x000008e5       0x2b ./FreeRTOS/list.o
 .debug_rnglists
                0x00000910       0xea ./FreeRTOS/queue.o
 .debug_rnglists
                0x000009fa      0x187 ./FreeRTOS/tasks.o
 .debug_rnglists
                0x00000b81       0x9d ./FreeRTOS/timers.o
 .debug_rnglists
                0x00000c1e       0x5d ./FreeRTOS/portable/ARM_CM4F/port.o
 .debug_rnglists
                0x00000c7b       0x3b ./FreeRTOS/portable/MemMang/heap_4.o

.debug_macro    0x00000000    0x21ae9
 .debug_macro   0x00000000      0x2f1 ./Core/Src/main.o
 .debug_macro   0x000002f1      0xab4 ./Core/Src/main.o
 .debug_macro   0x00000da5      0x29b ./Core/Src/main.o
 .debug_macro   0x00001040       0x2e ./Core/Src/main.o
 .debug_macro   0x0000106e       0x2f ./Core/Src/main.o
 .debug_macro   0x0000109d       0x22 ./Core/Src/main.o
 .debug_macro   0x000010bf       0x8e ./Core/Src/main.o
 .debug_macro   0x0000114d       0x51 ./Core/Src/main.o
 .debug_macro   0x0000119e      0x103 ./Core/Src/main.o
 .debug_macro   0x000012a1       0x6a ./Core/Src/main.o
 .debug_macro   0x0000130b      0x1df ./Core/Src/main.o
 .debug_macro   0x000014ea       0x1c ./Core/Src/main.o
 .debug_macro   0x00001506       0x22 ./Core/Src/main.o
 .debug_macro   0x00001528       0xfb ./Core/Src/main.o
 .debug_macro   0x00001623     0x1011 ./Core/Src/main.o
 .debug_macro   0x00002634      0x11f ./Core/Src/main.o
 .debug_macro   0x00002753    0x15ea5 ./Core/Src/main.o
 .debug_macro   0x000185f8       0x6d ./Core/Src/main.o
 .debug_macro   0x00018665     0x3693 ./Core/Src/main.o
 .debug_macro   0x0001bcf8      0x189 ./Core/Src/main.o
 .debug_macro   0x0001be81       0x5c ./Core/Src/main.o
 .debug_macro   0x0001bedd      0x980 ./Core/Src/main.o
 .debug_macro   0x0001c85d      0x9e9 ./Core/Src/main.o
 .debug_macro   0x0001d246      0x115 ./Core/Src/main.o
 .debug_macro   0x0001d35b      0x13e ./Core/Src/main.o
 .debug_macro   0x0001d499       0xa5 ./Core/Src/main.o
 .debug_macro   0x0001d53e      0x174 ./Core/Src/main.o
 .debug_macro   0x0001d6b2      0x287 ./Core/Src/main.o
 .debug_macro   0x0001d939       0x5f ./Core/Src/main.o
 .debug_macro   0x0001d998      0x236 ./Core/Src/main.o
 .debug_macro   0x0001dbce      0x12c ./Core/Src/main.o
 .debug_macro   0x0001dcfa      0x21e ./Core/Src/main.o
 .debug_macro   0x0001df18       0x2e ./Core/Src/main.o
 .debug_macro   0x0001df46      0x127 ./Core/Src/main.o
 .debug_macro   0x0001e06d       0x7e ./Core/Src/main.o
 .debug_macro   0x0001e0eb       0x89 ./Core/Src/main.o
 .debug_macro   0x0001e174      0x225 ./Core/Src/main.o
 .debug_macro   0x0001e399      0x8ed ./Core/Src/main.o
 .debug_macro   0x0001ec86       0x4d ./Core/Src/main.o
 .debug_macro   0x0001ecd3      0x12d ./Core/Src/main.o
 .debug_macro   0x0001ee00      0x184 ./Core/Src/main.o
 .debug_macro   0x0001ef84      0x106 ./Core/Src/main.o
 .debug_macro   0x0001f08a      0x15a ./Core/Src/main.o
 .debug_macro   0x0001f1e4       0xe4 ./Core/Src/main.o
 .debug_macro   0x0001f2c8       0x1c ./Core/Src/main.o
 .debug_macro   0x0001f2e4       0x26 ./Core/Src/main.o
 .debug_macro   0x0001f30a      0x4d3 ./Core/Src/main.o
 .debug_macro   0x0001f7dd       0xb5 ./Core/Src/main.o
 .debug_macro   0x0001f892       0xaa ./Core/Src/main.o
 .debug_macro   0x0001f93c       0x80 ./Core/Src/main.o
 .debug_macro   0x0001f9bc       0x7e ./Core/Src/main.o
 .debug_macro   0x0001fa3a      0x1dd ./Core/Src/stm32f4xx_hal_msp.o
 .debug_macro   0x0001fc17      0x1ce ./Core/Src/stm32f4xx_hal_timebase_tim.o
 .debug_macro   0x0001fde5      0x1e7 ./Core/Src/stm32f4xx_it.o
 .debug_macro   0x0001ffcc      0x1ce ./Core/Src/system_stm32f4xx.o
 .debug_macro   0x0002019a      0x22e ./Drivers/STM32F4xx_HAL_Driver/Src/stm32f4xx_hal.o
 .debug_macro   0x000203c8      0x1ce ./Drivers/STM32F4xx_HAL_Driver/Src/stm32f4xx_hal_cortex.o
 .debug_macro   0x00020596      0x1d4 ./Drivers/STM32F4xx_HAL_Driver/Src/stm32f4xx_hal_gpio.o
 .debug_macro   0x0002076a      0x1f2 ./Drivers/STM32F4xx_HAL_Driver/Src/stm32f4xx_hal_rcc.o
 .debug_macro   0x0002095c      0x1dd ./Drivers/STM32F4xx_HAL_Driver/Src/stm32f4xx_hal_spi.o
 .debug_macro   0x00020b39      0x1cf ./Drivers/STM32F4xx_HAL_Driver/Src/stm32f4xx_hal_tim.o
 .debug_macro   0x00020d08      0x1ce ./Drivers/STM32F4xx_HAL_Driver/Src/stm32f4xx_hal_tim_ex.o
 .debug_macro   0x00020ed6      0x187 ./FreeRTOS/list.o
 .debug_macro   0x0002105d      0x216 ./FreeRTOS/queue.o
 .debug_macro   0x00021273       0x16 ./FreeRTOS/queue.o
 .debug_macro   0x00021289       0x20 ./FreeRTOS/queue.o
 .debug_macro   0x000212a9      0x279 ./FreeRTOS/tasks.o
 .debug_macro   0x00021522       0x10 ./FreeRTOS/tasks.o
 .debug_macro   0x00021532      0x1dc ./FreeRTOS/timers.o
 .debug_macro   0x0002170e       0x97 ./FreeRTOS/timers.o
 .debug_macro   0x000217a5      0x196 ./FreeRTOS/portable/ARM_CM4F/port.o
 .debug_macro   0x0002193b      0x1ae ./FreeRTOS/portable/MemMang/heap_4.o

.debug_line     0x00000000    0x1214c
 .debug_line    0x00000000      0xb03 ./Core/Src/main.o
 .debug_line    0x00000b03      0x792 ./Core/Src/stm32f4xx_hal_msp.o
 .debug_line    0x00001295      0x7c1 ./Core/Src/stm32f4xx_hal_timebase_tim.o
 .debug_line    0x00001a56      0x7fa ./Core/Src/stm32f4xx_it.o
 .debug_line    0x00002250      0x7bb ./Core/Src/system_stm32f4xx.o
 .debug_line    0x00002a0b       0x7a ./Core/Startup/startup_stm32f407vgtx.o
 .debug_line    0x00002a85      0xa33 ./Drivers/STM32F4xx_HAL_Driver/Src/stm32f4xx_hal.o
 .debug_line    0x000034b8      0xd25 ./Drivers/STM32F4xx_HAL_Driver/Src/stm32f4xx_hal_cortex.o
 .debug_line    0x000041dd      0xbbf ./Drivers/STM32F4xx_HAL_Driver/Src/stm32f4xx_hal_gpio.o
 .debug_line    0x00004d9c      0xdbe ./Drivers/STM32F4xx_HAL_Driver/Src/stm32f4xx_hal_rcc.o
 .debug_line    0x00005b5a     0x1d57 ./Drivers/STM32F4xx_HAL_Driver/Src/stm32f4xx_hal_spi.o
 .debug_line    0x000078b1     0x37cf ./Drivers/STM32F4xx_HAL_Driver/Src/stm32f4xx_hal_tim.o
 .debug_line    0x0000b080     0x1a29 ./Drivers/STM32F4xx_HAL_Driver/Src/stm32f4xx_hal_tim_ex.o
 .debug_line    0x0000caa9      0x767 ./FreeRTOS/list.o
 .debug_line    0x0000d210     0x1577 ./FreeRTOS/queue.o
 .debug_line    0x0000e787     0x1ba9 ./FreeRTOS/tasks.o
 .debug_line    0x00010330      0xca7 ./FreeRTOS/timers.o
 .debug_line    0x00010fd7      0x849 ./FreeRTOS/portable/ARM_CM4F/port.o
 .debug_line    0x00011820      0x92c ./FreeRTOS/portable/MemMang/heap_4.o

.debug_str      0x00000000    0xd2699
 .debug_str     0x00000000    0xc98a5 ./Core/Src/main.o
                              0xc9c90 (size before relaxing)
 .debug_str     0x000c98a5       0x63 ./Core/Src/stm32f4xx_hal_msp.o
                              0xc417a (size before relaxing)
 .debug_str     0x000c9908      0x107 ./Core/Src/stm32f4xx_hal_timebase_tim.o
                              0xc41c2 (size before relaxing)
 .debug_str     0x000c9a0f       0xdf ./Core/Src/stm32f4xx_it.o
                              0xc416a (size before relaxing)
 .debug_str     0x000c9aee       0xdb ./Core/Src/system_stm32f4xx.o
                              0xc36cb (size before relaxing)
 .debug_str     0x000c9bc9       0x44 ./Core/Startup/startup_stm32f407vgtx.o
                                 0x71 (size before relaxing)
 .debug_str     0x000c9c0d      0x5c9 ./Drivers/STM32F4xx_HAL_Driver/Src/stm32f4xx_hal.o
                              0xc424f (size before relaxing)
 .debug_str     0x000ca1d6      0x37f ./Drivers/STM32F4xx_HAL_Driver/Src/stm32f4xx_hal_cortex.o
                              0xc3fcb (size before relaxing)
 .debug_str     0x000ca555       0xd5 ./Drivers/STM32F4xx_HAL_Driver/Src/stm32f4xx_hal_gpio.o
                              0xc3846 (size before relaxing)
 .debug_str     0x000ca62a      0x1fd ./Drivers/STM32F4xx_HAL_Driver/Src/stm32f4xx_hal_rcc.o
                              0xc3aff (size before relaxing)
 .debug_str     0x000ca827      0x576 ./Drivers/STM32F4xx_HAL_Driver/Src/stm32f4xx_hal_spi.o
                              0xc3f89 (size before relaxing)
 .debug_str     0x000cad9d      0xe41 ./Drivers/STM32F4xx_HAL_Driver/Src/stm32f4xx_hal_tim.o
                              0xc4a55 (size before relaxing)
 .debug_str     0x000cbbde      0x503 ./Drivers/STM32F4xx_HAL_Driver/Src/stm32f4xx_hal_tim_ex.o
                              0xc4261 (size before relaxing)
 .debug_str     0x000cc0e1     0x32dc ./FreeRTOS/list.o
                               0xaadc (size before relaxing)
 .debug_str     0x000cf3bd      0xa9d ./FreeRTOS/queue.o
                               0xc3a5 (size before relaxing)
 .debug_str     0x000cfe5a     0x19dd ./FreeRTOS/tasks.o
                               0xcf7d (size before relaxing)
 .debug_str     0x000d1837      0x4e7 ./FreeRTOS/timers.o
                               0xc756 (size before relaxing)
 .debug_str     0x000d1d1e      0x760 ./FreeRTOS/portable/ARM_CM4F/port.o
                               0x871d (size before relaxing)
 .debug_str     0x000d247e      0x21b ./FreeRTOS/portable/MemMang/heap_4.o
                               0xb2f9 (size before relaxing)

.comment        0x00000000       0x43
 .comment       0x00000000       0x43 ./Core/Src/main.o
                                 0x44 (size before relaxing)
 .comment       0x00000043       0x44 ./Core/Src/stm32f4xx_hal_msp.o
 .comment       0x00000043       0x44 ./Core/Src/stm32f4xx_hal_timebase_tim.o
 .comment       0x00000043       0x44 ./Core/Src/stm32f4xx_it.o
 .comment       0x00000043       0x44 ./Core/Src/system_stm32f4xx.o
 .comment       0x00000043       0x44 ./Drivers/STM32F4xx_HAL_Driver/Src/stm32f4xx_hal.o
 .comment       0x00000043       0x44 ./Drivers/STM32F4xx_HAL_Driver/Src/stm32f4xx_hal_cortex.o
 .comment       0x00000043       0x44 ./Drivers/STM32F4xx_HAL_Driver/Src/stm32f4xx_hal_gpio.o
 .comment       0x00000043       0x44 ./Drivers/STM32F4xx_HAL_Driver/Src/stm32f4xx_hal_rcc.o
 .comment       0x00000043       0x44 ./Drivers/STM32F4xx_HAL_Driver/Src/stm32f4xx_hal_spi.o
 .comment       0x00000043       0x44 ./Drivers/STM32F4xx_HAL_Driver/Src/stm32f4xx_hal_tim.o
 .comment       0x00000043       0x44 ./Drivers/STM32F4xx_HAL_Driver/Src/stm32f4xx_hal_tim_ex.o
 .comment       0x00000043       0x44 ./FreeRTOS/list.o
 .comment       0x00000043       0x44 ./FreeRTOS/queue.o
 .comment       0x00000043       0x44 ./FreeRTOS/tasks.o
 .comment       0x00000043       0x44 ./FreeRTOS/timers.o
 .comment       0x00000043       0x44 ./FreeRTOS/portable/ARM_CM4F/port.o
 .comment       0x00000043       0x44 ./FreeRTOS/portable/MemMang/heap_4.o

.debug_frame    0x00000000     0x44d0
 .debug_frame   0x00000000      0x180 ./Core/Src/main.o
 .debug_frame   0x00000180       0x80 ./Core/Src/stm32f4xx_hal_msp.o
 .debug_frame   0x00000200       0x74 ./Core/Src/stm32f4xx_hal_timebase_tim.o
 .debug_frame   0x00000274       0xe0 ./Core/Src/stm32f4xx_it.o
 .debug_frame   0x00000354       0x58 ./Core/Src/system_stm32f4xx.o
 .debug_frame   0x000003ac      0x374 ./Drivers/STM32F4xx_HAL_Driver/Src/stm32f4xx_hal.o
 .debug_frame   0x00000720      0x508 ./Drivers/STM32F4xx_HAL_Driver/Src/stm32f4xx_hal_cortex.o
 .debug_frame   0x00000c28      0x14c ./Drivers/STM32F4xx_HAL_Driver/Src/stm32f4xx_hal_gpio.o
 .debug_frame   0x00000d74      0x1f4 ./Drivers/STM32F4xx_HAL_Driver/Src/stm32f4xx_hal_rcc.o
 .debug_frame   0x00000f68      0x828 ./Drivers/STM32F4xx_HAL_Driver/Src/stm32f4xx_hal_spi.o
 .debug_frame   0x00001790     0x11c0 ./Drivers/STM32F4xx_HAL_Driver/Src/stm32f4xx_hal_tim.o
 .debug_frame   0x00002950      0x638 ./Drivers/STM32F4xx_HAL_Driver/Src/stm32f4xx_hal_tim_ex.o
 .debug_frame   0x00002f88       0xd8 ./FreeRTOS/list.o
 .debug_frame   0x00003060      0x530 ./FreeRTOS/queue.o
 .debug_frame   0x00003590      0x854 ./FreeRTOS/tasks.o
 .debug_frame   0x00003de4      0x368 ./FreeRTOS/timers.o
 .debug_frame   0x0000414c      0x1a8 ./FreeRTOS/portable/ARM_CM4F/port.o
 .debug_frame   0x000042f4      0x108 ./FreeRTOS/portable/MemMang/heap_4.o
 .debug_frame   0x000043fc       0x20 C:/ST/STM32CubeIDE_1.17.0/STM32CubeIDE/plugins/com.st.stm32cube.ide.mcu.externaltools.gnu-tools-for-stm32.12.3.rel1.win32_1.1.0.202410251130/tools/bin/../lib/gcc/arm-none-eabi/12.3.1/../../../../arm-none-eabi/lib/thumb/v7e-m+fp/hard\libc_nano.a(libc_a-memset.o)
 .debug_frame   0x0000441c       0x2c C:/ST/STM32CubeIDE_1.17.0/STM32CubeIDE/plugins/com.st.stm32cube.ide.mcu.externaltools.gnu-tools-for-stm32.12.3.rel1.win32_1.1.0.202410251130/tools/bin/../lib/gcc/arm-none-eabi/12.3.1/../../../../arm-none-eabi/lib/thumb/v7e-m+fp/hard\libc_nano.a(libc_a-init.o)
 .debug_frame   0x00004448       0x28 C:/ST/STM32CubeIDE_1.17.0/STM32CubeIDE/plugins/com.st.stm32cube.ide.mcu.externaltools.gnu-tools-for-stm32.12.3.rel1.win32_1.1.0.202410251130/tools/bin/../lib/gcc/arm-none-eabi/12.3.1/../../../../arm-none-eabi/lib/thumb/v7e-m+fp/hard\libc_nano.a(libc_a-memcpy-stub.o)
 .debug_frame   0x00004470       0x2c C:/ST/STM32CubeIDE_1.17.0/STM32CubeIDE/plugins/com.st.stm32cube.ide.mcu.externaltools.gnu-tools-for-stm32.12.3.rel1.win32_1.1.0.202410251130/tools/bin/../lib/gcc/arm-none-eabi/12.3.1/thumb/v7e-m+fp/hard\libgcc.a(_aeabi_uldivmod.o)
 .debug_frame   0x0000449c       0x34 C:/ST/STM32CubeIDE_1.17.0/STM32CubeIDE/plugins/com.st.stm32cube.ide.mcu.externaltools.gnu-tools-for-stm32.12.3.rel1.win32_1.1.0.202410251130/tools/bin/../lib/gcc/arm-none-eabi/12.3.1/thumb/v7e-m+fp/hard\libgcc.a(_udivmoddi4.o)

.debug_line_str
                0x00000000       0x55
 .debug_line_str
                0x00000000       0x55 ./Core/Startup/startup_stm32f407vgtx.o
