../Core/Src/main.c:101:6:LogOperation	144	static
../Core/Src/main.c:112:6:PrintLogFile	704	static
../Core/Src/main.c:143:6:LogTask	712	static
../Core/Src/main.c:200:6:buttonState	16	static
../Core/Src/main.c:223:14:getButtonEvent	16	static
../Core/Src/main.c:285:6:ButtonTask	24	static
../Core/Src/main.c:364:6:AudioPlayerTask	24	static
../Core/Src/main.c:382:6:HAL_GPIO_EXTI_Callback	24	static,ignoring_inline_asm
../Core/Src/main.c:395:5:main	16	static
../Core/Src/main.c:458:6:SystemClock_Config	88	static
../Core/Src/main.c:504:13:MX_I2C1_Init	8	static
../Core/Src/main.c:538:13:MX_I2S3_Init	8	static
../Core/Src/main.c:572:13:MX_SPI2_Init	8	static
../Core/Src/main.c:610:13:MX_USART2_UART_Init	8	static
../Core/Src/main.c:641:13:MX_DMA_Init	16	static
../Core/Src/main.c:659:13:MX_GPIO_Init	48	static
../Core/Src/main.c:707:6:HAL_TIM_PeriodElapsedCallback	16	static
../Core/Src/main.c:724:6:Error_Handler	4	static,ignoring_inline_asm
